     1                                  ;               COAL PROJECT - GRAND PRIX CIRCUIT GAME IMPLEMENTATION
     2                                  ; MEMBERS:  SYED MUHAMMAD ANAS NAUMAN    21L-5230 
     3                                  ;           SAAD ASIF                    21L-7532  
     4                                  ; SECTION:  3-B
     5                                  
     6                                     ; PROGRAM TO ACT AS NORMAL CLOCK IN THE FORM
     7                                     ; OF   MINUTES:SECONDS  00:00
     8                                     ; HOURS IS EXCLUDED AS OF YET
     9                                     ; MINUTES IS NOT ROUNDED OFF TO ZERO IF IT REACHES 60
    10                                  
    11                                  [org 0x0100]
    12 00000000 E9E600                  jmp start
    13 00000003 46                          Seconds: db 70
    14 00000004 00                          Minutes: db 0
    15 00000005 00                        TickCount: db 0
    16 00000006 00000000                oldTimerISR: dd 0
    17                                  ;;;;;;;;;;;;;;;;;;;;;;;;;;;;;;;;;;;;;;;;;;;;;;;;
    18                                  clrscrn:
    19 0000000A 06                             push es
    20 0000000B 50                             push ax
    21 0000000C 51                             push cx
    22 0000000D 57                             push di
    23                                  
    24 0000000E B800B8                         mov ax,0xb800
    25 00000011 8EC0                           mov es,ax
    26 00000013 31FF                           xor di,di
    27 00000015 B82007                         mov ax,0x0720
    28 00000018 B9D007                         mov cx,2000
    29                                  
    30 0000001B FC                             cld
    31 0000001C F3AB                           rep stosw 
    32                                  
    33 0000001E 5F                             pop di
    34 0000001F 59                             pop cx
    35 00000020 58                             pop ax
    36 00000021 07                             pop es
    37                                  
    38 00000022 C3                             ret
    39                                  ;;;;;;;;;;;;;;;;;;;;;;;;;;;;;;;;;;;;;;;;;;;;;;;;
    40                                  printClock:
    41 00000023 55                              push bp
    42 00000024 89E5                    	mov bp, sp
    43 00000026 06                      	push es
    44 00000027 50                      	push ax
    45 00000028 53                      	push bx
    46 00000029 51                      	push cx
    47 0000002A 52                      	push dx
    48 0000002B 57                      	push di
    49                                  
    50 0000002C B800B8                  	mov ax, 0xb800
    51 0000002F 8EC0                    	mov es, ax
    52                                  
    53 00000031 8B7E04                        mov di,[bp+4]
    54 00000034 83EF02                        sub di,2
    55                                  
    56 00000037 B83A07                        mov ax,0x073A     ; ASCII for :(colon) character
    57 0000003A 268905                        mov [es:di],ax
    58                                  
    59 0000003D 2E803E[0300]3C                cmp byte[cs:Seconds],60
    60 00000043 720B                          jb prntSecondsNormal
    61                                        
    62 00000045 2E802E[0300]3C                sub byte[cs:Seconds],60
    63 0000004B 2EFE06[0400]                  inc byte[cs:Minutes]
    64                                  
    65                                  prntSecondsNormal:
    66 00000050 31C0                           xor ax,ax
    67 00000052 2EA0[0300]                     mov al, byte[cs:Seconds]
    68 00000056 BB0A00                         mov bx, 10
    69 00000059 B90000                         mov cx, 0
    70                                  
    71                                  nextdigitSec:	
    72 0000005C BA0000                            mov dx, 0
    73 0000005F F7F3                    	  div bx
    74 00000061 80C230                  	  add dl, 0x30
    75 00000064 52                      	  push dx
    76 00000065 41                      	  inc cx
    77 00000066 83F800                  	  cmp ax, 0
    78 00000069 75F1                    	  jnz nextdigitSec
    79                                  
    80 0000006B 83F901                            cmp cx,1
    81 0000006E 7505                              jne prntSec    
    82 00000070 BA3000                            mov dx,0x0030
    83 00000073 52                                push dx
    84 00000074 41                                inc cx
    85                                  
    86                                  prntSec:
    87 00000075 8B7E04                  	mov di,[bp+4]
    88                                  
    89                                  nextposSec:	
    90 00000078 5A                              pop dx
    91 00000079 B607                    	mov dh, 0x07
    92 0000007B 268915                  	mov [es:di], dx
    93 0000007E 83C702                  	add di, 2
    94 00000081 E2F5                    	loop nextposSec
    95                                  
    96 00000083 31C0                            xor ax,ax
    97 00000085 2EA0[0400]              	mov al,byte[cs:Minutes]
    98 00000089 BB0A00                  	mov bx, 10
    99 0000008C B90000                  	mov cx, 0
   100                                  
   101                                  nextdigitMin:	
   102 0000008F BA0000                             mov dx, 0
   103 00000092 F7F3                    	   div bx
   104 00000094 80C230                  	   add dl, 0x30
   105 00000097 52                      	   push dx
   106 00000098 41                      	   inc cx
   107 00000099 83F800                  	   cmp ax, 0
   108 0000009C 75F1                    	   jnz nextdigitMin
   109                                  
   110 0000009E 83F901                            cmp cx,1
   111 000000A1 7505                              jne prntMin    
   112 000000A3 BA3000                            mov dx,0x0030
   113 000000A6 52                                push dx
   114 000000A7 41                                inc cx
   115                                  
   116                                  prntMin:
   117 000000A8 8B7E04                  	mov di,[bp+4]
   118 000000AB 83EF06                          sub di,6
   119                                  
   120                                  nextposMin:	
   121 000000AE 5A                              pop dx
   122 000000AF B607                    	mov dh, 0x07
   123 000000B1 268915                  	mov [es:di], dx
   124 000000B4 83C702                  	add di, 2
   125 000000B7 E2F5                    	loop nextposMin
   126                                  
   127 000000B9 5F                      		pop di
   128 000000BA 5A                      		pop dx
   129 000000BB 59                      		pop cx
   130 000000BC 5B                      		pop bx
   131 000000BD 58                      		pop ax
   132 000000BE 07                      		pop es
   133 000000BF 5D                      		pop bp
   134                                  
   135 000000C0 C20200                  		ret 2
   136                                  ;;;;;;;;;;;;;;;;;;;;;;;;;;;;;;;;;;;;;;;;;;;;;;;;
   137                                  timer:
   138 000000C3 50                           push ax
   139                                  
   140 000000C4 2EFE06[0500]                 inc byte [cs:TickCount]
   141                                       
   142 000000C9 2E803E[0500]12               cmp byte[cs:TickCount],18
   143 000000CF 7512                         jne exitTimer
   144 000000D1 2EFE06[0300]                 inc byte[cs:Seconds]
   145 000000D6 2EC606[0500]00               mov byte [cs:TickCount],0
   146                                  
   147 000000DC B88C00                       mov ax,140                    ; LOAD POSITION ON STACK
   148 000000DF 50                           push ax
   149 000000E0 E840FF                       call printClock
   150                                  
   151                                  exitTimer:
   152 000000E3 B020                         mov al, 0x20
   153 000000E5 E620                         out 0x20, al
   154                                  
   155 000000E7 58                           pop ax
   156 000000E8 CF                           iret
   157                                  ;;;;;;;;;;;;;;;;;;;;;;;;;;;;;;;;;;;;;;;;;;;;;;;;;
   158                                  start:		
   159                                  
   160 000000E9 E81EFF                      call clrscrn
   161                                  
   162 000000EC 31C0                        xor ax, ax
   163 000000EE 8EC0                        mov es, ax
   164                                  
   165 000000F0 26A12000                      mov ax,[es:8*4]
   166 000000F4 2EA3[0600]                    mov [cs:oldTimerISR],ax
   167 000000F8 26A12200                      mov ax,[es:8*4+2]
   168 000000FC 2EA3[0800]                    mov [cs:oldTimerISR+2],ax
   169                                  
   170 00000100 FA                          cli
   171 00000101 26C7062000[C300]            mov word [es:8*4], timer
   172 00000108 268C0E2200                  mov [es:8*4+2], cs
   173 0000010D FB                          sti
   174                                  
   175                                  loopesc:
   176 0000010E B400                          mov ah,0
   177 00000110 CD16                          int 0x16
   178 00000112 3C1B                          cmp al,27
   179 00000114 75F8                          jne loopesc
   180                                  
   181                                  
   182 00000116 2EA1[0600]                    mov ax,[cs:oldTimerISR]
   183 0000011A 2E8B1E[0800]                  mov bx,[cs:oldTimerISR+2]
   184                                  
   185 0000011F FA                            cli
   186 00000120 26A32000                      mov [es:8*4],ax
   187 00000124 26891E2200                    mov [es:8*4+2],bx
   188 00000129 FB                            sti
   189                                  
   190 0000012A E8DDFE                      call clrscrn
   191                                  
   192 0000012D B8004C                  mov ax, 0x4c00
   193 00000130 CD21                    int 0x21
