     1                                  ; scroll up the screen
     2                                  [org 0x0100]
     3 00000000 EB35                     jmp start
     4                                   ;-----------------------------------------------------------------
     5                                  ; subroutine to scroll up the screen
     6                                  ; take the number of lines to scroll as parameter
     7                                  ;-----------------------------------------------------------------
     8 00000002 55                      scrollup:	push bp
     9 00000003 89E5                    			mov bp,sp
    10 00000005 50                      			push ax
    11 00000006 51                      			push cx
    12 00000007 56                      			push si
    13 00000008 57                      			push di
    14 00000009 06                      			push es
    15 0000000A 1E                      			push ds
    16                                  
    17 0000000B B85000                  			mov ax, 80 ; load chars per row in ax
    18 0000000E F66604                  			mul byte [bp+4] ; calculate source position
    19 00000011 89C6                    			mov si, ax ; load source position in si
    20 00000013 56                      			push si ; save position for later use
    21 00000014 D1E6                    			shl si, 1 ; convert to byte offset
    22                                  
    23 00000016 B9D007                  			mov cx, 2000 ; number of screen locations
    24 00000019 29C1                    			sub cx, ax ; count of words to move
    25                                  
    26 0000001B B800B8                  			mov ax, 0xb800
    27 0000001E 8EC0                    			mov es, ax ; point es to video base
    28 00000020 8ED8                    			mov ds, ax ; point ds to video base
    29                                  		
    30 00000022 31FF                    			xor di, di ; point di to top left column
    31 00000024 FC                      			cld ; set auto increment mode
    32 00000025 F3A4                    			rep movsb; scroll up
    33                                  
    34 00000027 B82007                  			mov ax, 0x0720 ;
    35 0000002A 59                      			pop cx ;
    36 0000002B F3AA                    			rep stosb; 
    37                                  		
    38 0000002D 1F                      			pop ds
    39 0000002E 07                      			pop es
    40 0000002F 5F                      			pop di
    41 00000030 5E                      			pop si
    42 00000031 59                      			pop cx
    43 00000032 58                      			pop ax
    44 00000033 5D                      			pop bp
    45 00000034 C20200                  			ret 2	
    46                                  ;-----------------------------------------------------------------
    47 00000037 B80500                  start: 		mov ax,5
    48 0000003A 50                      			push ax ; push number of lines to scroll
    49                                  
    50 0000003B E8C4FF                  			call scrollup ; call the scroll up subroutine
    51                                  
    52 0000003E B8004C                  mov ax, 0x4c00 ; terminate program 
    53 00000041 CD21                    int 0x21 
