     1                                  [org 0x0100]
     2                                  
     3 00000000 E92C01                  jmp start
     4                                  
     5 00000003 0000                    tickcount dw 0
     6 00000005 0000                    counter dw 0
     7 00000007 0000                    countera dw 0
     8 00000009 66                      flag_for db 'f'
     9 0000000A 70                      flag db 'p'
    10                                  clear:
    11 0000000B B800B8                  	mov ax,0xb800
    12 0000000E 8EC0                    	mov es,ax
    13 00000010 B9D007                  	mov cx,2000
    14 00000013 BF0000                  	mov di,0
    15 00000016 B82007                  	mov ax,0x0720
    16 00000019 F3AB                    	rep stosw
    17 0000001B C3                      	ret
    18                                  star_moving_forward:
    19                                  
    20 0000001C 57                      			push di
    21                                  			
    22 0000001D 89FB                    			mov bx,di
    23 0000001F B707                    			mov bh,0x07
    24 00000021 2E8B3E[0500]            			mov di,word[cs:counter]
    25 00000026 2E893E[0700]            			mov word[cs:countera],di
    26 0000002B 26C745FE2007            			mov word[es:di-2],0x0720
    27 00000031 26C7052A07              			mov word[es:di],0x072A
    28                                  			
    29 00000036 81FF9E00                			cmp di,158
    30 0000003A 7508                    			jne out10					
    31 0000003C 2EC606[0900]64          			mov byte[cs:flag_for],'d'
    32 00000042 EB2D                    			jmp out1
    33                                  			out10:
    34                                  			
    35 00000044 81FF9E0F                			cmp di, 3998
    36 00000048 7508                    			jne out11
    37 0000004A 2EC606[0900]62          			mov byte[cs:flag_for],'b'
    38 00000050 EB1F                    						jmp out1
    39                                  			out11:
    40                                  			
    41 00000052 81FF000F                			cmp di,3840
    42 00000056 7508                    			jne out12
    43 00000058 2EC606[0900]75          			mov byte[cs:flag_for],'u'
    44 0000005E EB11                    						jmp out1
    45                                  			out12:
    46                                  					
    47 00000060 81FFA000                			cmp di,160
    48 00000064 750B                    			jne out13
    49 00000066 BF0000                  			mov di,0
    50                                  			
    51 00000069 2EC606[0900]66          			mov byte[cs:flag_for],'f'
    52 0000006F EB00                    						jmp out1
    53                                  			out13:
    54                                  out1:		
    55 00000071 2E803E[0900]64          			cmp byte[cs:flag_for],'d'
    56 00000077 7506                    			jne out6
    57 00000079 81C79E00                			add di,158
    58 0000007D EB28                    						jmp out
    59                                  			out6:
    60                                  
    61                                  
    62 0000007F 2E803E[0900]62          			cmp byte[cs:flag_for],'b'
    63 00000085 7505                    			jne out7
    64 00000087 83EF04                  			sub di,4
    65 0000008A EB1B                    						jmp out
    66                                  			out7:
    67                                  
    68 0000008C 2E803E[0900]66          			cmp byte[cs:flag_for],'f'
    69 00000092 7505                    			jne out5
    70 00000094 83C702                  			add di,2
    71 00000097 EB0E                    			jmp out
    72                                  			out5:
    73                                  	
    74                                  				
    75 00000099 2E803E[0900]75          			cmp byte[cs:flag_for],'u'
    76 0000009F 7506                    			jne out8
    77 000000A1 81EFA200                			sub di,162
    78 000000A5 EB00                    						jmp out
    79                                  			out8:
    80                                  out:		
    81 000000A7 83C702                  			add di,2
    82 000000AA 2E893E[0500]            			mov word[cs:counter],di
    83                                  			
    84 000000AF 5F                      			pop di
    85 000000B0 C3                      	ret
    86                                  	
    87                                  clr:
    88                                  		
    89 000000B1 57                      			push di
    90 000000B2 2E8B3E[0700]            			mov di,[cs:countera]
    91 000000B7 26C745FE2007            			mov word[es:di-2],0x0720
    92 000000BD 5F                      			pop di
    93 000000BE C3                      			ret
    94                                  timer:		
    95 000000BF 50                      			push ax
    96 000000C0 E848FF                  			call clear
    97 000000C3 2EFF06[0300]            			inc word [cs:tickcount]; increment tick count
    98 000000C8 2E833E[0300]12          			cmp word[cs:tickcount],18
    99 000000CE 7402                    			je check
   100 000000D0 EB2B                    			jmp end
   101                                  check:
   102                                  			; CMP byte[cs:flag],'p'
   103 000000D2 7522                    			jne checker
   104 000000D4 E845FF                  			call star_moving_forward
   105 000000D7 2E813E[0500]9C00        			cmp word[cs:counter],156
   106 000000DE 750D                    			jne outera
   107 000000E0 2EC706[0500]3E01        			mov word[cs:counter],318
   108 000000E7 2EC606[0900]64          			mov byte[cs:flag_for],'d'
   109                                  			outera:
   110 000000ED E81300                  			call delay
   111 000000F0 E81000                  			call delay
   112 000000F3 E80D00                  			call delay
   113                                  			; mov byte[cs:flag],'f'
   114                                  checker:
   115 000000F6 2EC706[0300]0000        			mov word[cs:tickcount],0
   116                                  end:
   117 000000FD B020                    			mov al, 0x20
   118 000000FF E620                    			out 0x20, al 
   119 00000101 58                      			pop ax
   120 00000102 CF                      			iret 
   121                                  delay:
   122 00000103 B9FFFF                  	mov cx,0xffff
   123                                  loopa:
   124 00000106 E2FE                    	loop loopa
   125 00000108 C3                      	ret
   126                                  kbisr:
   127 00000109 50                      			push ax
   128 0000010A 06                      			push es
   129 0000010B B800B8                  			mov ax,0xB800
   130 0000010E 8EC0                    			mov es,ax
   131 00000110 E460                    			in al,0x60
   132                                  			
   133 00000112 3C2A                    			cmp al,0x2a
   134 00000114 7508                    			jne stop
   135 00000116 2EC606[0A00]70          			mov byte[cs:flag],'p'
   136 0000011C EB0A                    			jmp outa
   137                                  stop:
   138 0000011E 3C36                    			cmp al,0x36
   139 00000120 7506                    			jne outa
   140 00000122 2EC606[0A00]66          			mov byte[cs:flag],'f'
   141                                  outa:
   142 00000128 B020                    			mov al,0x20
   143 0000012A E620                    			out 0x20,al
   144 0000012C 07                      			pop es
   145 0000012D 58                      			pop ax
   146                                  			
   147 0000012E CF                      			iret
   148                                  			
   149                                  start:		
   150 0000012F E8D9FE                  			call clear
   151 00000132 BF0000                  			mov di,0
   152 00000135 31C0                    			xor ax, ax
   153 00000137 8EC0                    			mov es, ax ; point es to IVT base
   154                                  
   155 00000139 FA                      			cli ; disable in
   156 0000013A 26C7062000[BF00]        			mov word [es:8*4], timer; store offset at n*4
   157 00000141 268C0E2200              			mov [es:8*4+2], cs ; store segment at n*4+2
   158 00000146 FB                      			sti ; enable interrupts
   159 00000147 BA[2F01]                			mov dx, start ; end of resident portion
   160 0000014A 83C20F                  			add dx, 15 ; round up to next para
   161 0000014D B104                    			mov cl, 4
   162 0000014F D3EA                    			shr dx, cl ; number of paras
   163                                  
   164 00000151 B80031                  			mov ax, 0x3100 ; terminate and stay resident
   165 00000154 CD21                    			int 0x21 
