     1                                  ; 4-bit multiplication using test for bit testing
     2                                  [org 0x0100]
     3 00000000 EB03                    jmp start
     4                                  
     5 00000002 0D                      multiplicand: 	db 0xD ; 4-bit multiplicand (8-bit space)
     6 00000003 0A                      multiplier: 	db 0xA ; 4-bit multiplier
     7 00000004 00                      result: 	db 0 ; 8-bit result
     8                                  
     9 00000005 B104                    start: 		mov cl, 4 ; initialize bit count to four			
    10 00000007 8A1E[0200]              		mov bl, [multiplicand] ; load multiplicand in bl
    11 0000000B B201                    		mov dl, 1 ; initialize bit mask
    12                                  
    13 0000000D 8416[0300]              checkbit:	test dl, [multiplier] ; test right most bit
    14 00000011 7404                    		jz skip ; skip addition if bit is zero
    15 00000013 001E[0400]              		add [result], bl ; accumulate result
    16                                  
    17 00000017 D0E3                    skip:		shl bl, 1 ; shift multiplicand left
    18 00000019 D0E2                    		shl dl, 1 ; shift mask towards next bit
    19                                  			
    20 0000001B FEC9                    		dec cl ; decrement bit count
    21 0000001D 75EE                    		jnz checkbit ; repeat if bits left
    22                                  
    23 0000001F B8004C                  mov ax, 0x4c00 ; terminate program
    24 00000022 CD21                    int 0x21 
