     1                                  ;New! Keyboard shortcuts … Drive keyboard shortcuts have been updated to give you first-letters navigation
     2                                  ; Flag Register with unsigned subtraction
     3                                  
     4                                  [org 0x0100]
     5 00000000 EB08                    		jmp start
     6 00000002 89B1000000000000        wor: dq 0xB189;1011 0001 1000 1001
     7                                  start:
     8 0000000A B90000                  	mov cx,0
     9 0000000D B80F00                  	mov ax,15
    10                                  loop:
    11 00000010 D126[0200]              	shl word[wor],1
    12 00000014 D116[0400]              	rcl word [wor+2],1
    13 00000018 39C1                    	cmp cx,ax
    14 0000001A 7405                    	jz out
    15 0000001C 83C101                  	add cx,1
    16 0000001F EBEF                    	jmp loop
    17                                  out:
    18 00000021 B90000                  	mov cx,0
    19                                  loop1:
    20 00000024 D126[0400]              	shl word[wor+2],1
    21 00000028 D116[0600]              	rcl word [wor+4],1
    22 0000002C 39C1                    	cmp cx,ax
    23 0000002E 7405                    	jz out1
    24 00000030 83C101                  	add cx,1
    25 00000033 EBEF                    	jmp loop1
    26                                  out1:
    27                                  
    28 00000035 B90000                  	mov cx,0
    29                                  loop2:
    30 00000038 D126[0600]              	shl word[wor+4],1
    31 0000003C D116[0800]              	rcl word [wor+6],1
    32 00000040 39C1                    	cmp cx,ax
    33 00000042 7405                    	jz out2
    34 00000044 83C101                  	add cx,1
    35 00000047 EBEF                    	jmp loop2
    36                                  out2:
    37                                  	
    38                                  	
    39                                  	
    40                                  	
    41 00000049 B8004C                  	mov ax, 0x4c00		;terminate the program
    42 0000004C CD21                    	int 0x21
