     1                                  ; sorting a list of ten numbers using bubble sort
     2                                  ; a program to add ten numbers without a separate counter
     3                                  [org 0x0100]
     4 00000000 EB0C                    	jmp start ; unconditionally jump over data
     5 00000002 020004000200080002-     num1: dw 2,4,2,8,2
     5 0000000B 00                 
     6 0000000C 0200                    num: dw 2
     7                                  start:
     8 0000000E A1[0C00]                	mov ax,[num]
     9 00000011 B90A00                  	mov cx,10
    10 00000014 BB0000                  	mov bx,0
    11 00000017 BA0000                  	mov dx,0
    12                                  
    13                                  loop:
    14 0000001A 3987[0200]              	cmp [num1+bx],ax
    15 0000001E 7409                    	jz count
    16                                  adder:
    17 00000020 83C302                  	add bx,2
    18 00000023 39CB                    	cmp bx,cx
    19 00000025 7407                    	jz out
    20 00000027 EBF1                    	jmp loop
    21                                  count:
    22 00000029 83C201                  	add dx,1
    23 0000002C EBF2                    	jmp adder
    24                                  out:
    25                                  	
    26 0000002E B8004C                  mov ax, 0x4c00 ; terminate program
    27 00000031 CD21                    int 0x21
