     1                                  
     2                                  
     3                                  [org 0x0100]
     4                                  
     5 00000000 B80000                  mov ax, 0				; initialize sum to 0
     6 00000003 8B2E[1800]              mov bp, [num]			;
     7                                  
     8 00000007 0306[1800]              l1: 	add ax, [num]	; add value of bx to ax
     9 0000000B 83ED01                  		sub bp, 1			;decrement value by 1 which is  behaving as counter
    10 0000000E 75F7                    		jnz l1				;JUMP to l1 if ZERO FLAG is not Set
    11 00000010 A3[1A00]                mov [square], ax			; save sum in total
    12                                  
    13 00000013 B8004C                  mov ax, 0x4c00		;terminate the program
    14 00000016 CD21                    int 0x21
    15                                  
    16 00000018 0900                    num:		dw 9
    17 0000001A 0000                    square: 	dw 0
